2026-10-03 09:22:37,050 INFO __main__ - ================================================================================
2026-10-03 09:22:37,050 INFO __main__ - Starting [73/86] | Task: row_similarity_search | Approach: sentence_transformer | Env: benchmark_env | Dataset: DBLP-ACM
2026-10-03 09:22:37,050 INFO __main__ - ================================================================================
2026-10-03 09:22:37,050 INFO benchmark_src.run_benchmark - ################################################################################
2026-10-03 09:22:37,050 INFO benchmark_src.run_benchmark - Task: row_similarity_search  |  Approach: sentence_transformer  |  Dataset: DBLP-ACM
2026-10-03 09:22:37,051 INFO benchmark_src.tasks.run_row_similarity_benchmark - Started run_row_similarity_benchmark
2026-10-03 09:22:37,052 ERROR root - Traceback (most recent call last):
2026-10-03 09:22:37,052 ERROR root -   File "/home/yarin.b/tembed/benchmark_src/run_benchmark.py", line 43, in run_single
    run_row_similarity_benchmark.main(cfg)
2026-10-03 09:22:37,052 ERROR root -   File "/home/yarin.b/tembed/benchmark_src/tasks/run_row_similarity_benchmark.py", line 101, in main
    input_table, testcase_paths, dataset_information = load_benchmark_data(cfg)
                                                       ^^^^^^^^^^^^^^^^^^^^^^^^
2026-10-03 09:22:37,052 ERROR root -   File "/home/yarin.b/tembed/benchmark_src/tasks/run_row_similarity_benchmark.py", line 20, in load_benchmark_data
    assert dataset_folder.exists(), f"Could not find path {dataset_folder}"
           ^^^^^^^^^^^^^^^^^^^^^^^
2026-10-03 09:22:37,052 ERROR root - AssertionError: Could not find path /home/yarin.b/tembed/cache/row_similarity_data_full/DBLP-ACM
2026-10-03 09:22:37,052 ERROR benchmark_src.run_benchmark - Error during benchmark run, please check traceback above.
2026-10-03 09:22:37,052 ERROR __main__ - Failed sentence_transformer/row_similarity_search/DBLP-ACM
Traceback (most recent call last):
  File "/home/yarin.b/tembed/run_experiments.py", line 274, in _run_job
    run_single(cfg)
  File "/home/yarin.b/tembed/benchmark_src/run_benchmark.py", line 43, in run_single
    run_row_similarity_benchmark.main(cfg)
  File "/home/yarin.b/tembed/benchmark_src/tasks/run_row_similarity_benchmark.py", line 101, in main
    input_table, testcase_paths, dataset_information = load_benchmark_data(cfg)
                                                       ^^^^^^^^^^^^^^^^^^^^^^^^
  File "/home/yarin.b/tembed/benchmark_src/tasks/run_row_similarity_benchmark.py", line 20, in load_benchmark_data
    assert dataset_folder.exists(), f"Could not find path {dataset_folder}"
           ^^^^^^^^^^^^^^^^^^^^^^^
AssertionError: Could not find path /home/yarin.b/tembed/cache/row_similarity_data_full/DBLP-ACM
2026-10-03 09:54:23,016 INFO __main__ - ================================================================================
2026-10-03 09:54:23,017 INFO __main__ - Starting [38/44] | Task: row_similarity_search | Approach: sentence_transformer | Env: benchmark_env | Dataset: DBLP-ACM
2026-10-03 09:54:23,017 INFO __main__ - ================================================================================
2026-10-03 09:54:23,017 INFO benchmark_src.run_benchmark - ################################################################################
2026-10-03 09:54:23,017 INFO benchmark_src.run_benchmark - Task: row_similarity_search  |  Approach: sentence_transformer  |  Dataset: DBLP-ACM
2026-10-03 09:54:23,019 INFO benchmark_src.tasks.run_row_similarity_benchmark - Started run_row_similarity_benchmark
2026-10-03 09:54:23,019 ERROR root - Traceback (most recent call last):
2026-10-03 09:54:23,020 ERROR root -   File "/home/yarin.b/tembed/benchmark_src/run_benchmark.py", line 43, in run_single
    run_row_similarity_benchmark.main(cfg)
2026-10-03 09:54:23,020 ERROR root -   File "/home/yarin.b/tembed/benchmark_src/tasks/run_row_similarity_benchmark.py", line 101, in main
    input_table, testcase_paths, dataset_information = load_benchmark_data(cfg)
                                                       ^^^^^^^^^^^^^^^^^^^^^^^^
2026-10-03 09:54:23,020 ERROR root -   File "/home/yarin.b/tembed/benchmark_src/tasks/run_row_similarity_benchmark.py", line 20, in load_benchmark_data
    assert dataset_folder.exists(), f"Could not find path {dataset_folder}"
           ^^^^^^^^^^^^^^^^^^^^^^^
2026-10-03 09:54:23,020 ERROR root - AssertionError: Could not find path /home/yarin.b/tembed/cache/row_similarity_data_full/DBLP-ACM
2026-10-03 09:54:23,020 ERROR benchmark_src.run_benchmark - Error during benchmark run, please check traceback above.
2026-10-03 09:54:23,020 ERROR __main__ - Failed sentence_transformer/row_similarity_search/DBLP-ACM
Traceback (most recent call last):
  File "/home/yarin.b/tembed/run_experiments.py", line 274, in _run_job
    run_single(cfg)
  File "/home/yarin.b/tembed/benchmark_src/run_benchmark.py", line 43, in run_single
    run_row_similarity_benchmark.main(cfg)
  File "/home/yarin.b/tembed/benchmark_src/tasks/run_row_similarity_benchmark.py", line 101, in main
    input_table, testcase_paths, dataset_information = load_benchmark_data(cfg)
                                                       ^^^^^^^^^^^^^^^^^^^^^^^^
  File "/home/yarin.b/tembed/benchmark_src/tasks/run_row_similarity_benchmark.py", line 20, in load_benchmark_data
    assert dataset_folder.exists(), f"Could not find path {dataset_folder}"
           ^^^^^^^^^^^^^^^^^^^^^^^
AssertionError: Could not find path /home/yarin.b/tembed/cache/row_similarity_data_full/DBLP-ACM
